15:00:10 **** Incremental Build of configuration Debug for project 123 ****
make -j3 all 
arm-none-eabi-gcc "../Core/Src/main.c" -mcpu=cortex-m4 -std=gnu11 -g3 -DDEBUG -DUSE_HAL_DRIVER -DSTM32F411xE -c -I../Core/Inc -I../Drivers/STM32F4xx_HAL_Driver/Inc -I../Drivers/STM32F4xx_HAL_Driver/Inc/Legacy -I../Drivers/CMSIS/Device/ST/STM32F4xx/Include -I../Drivers/CMSIS/Include -O0 -ffunction-sections -fdata-sections -Wall -fstack-usage -fcyclomatic-complexity -MMD -MP -MF"Core/Src/main.d" -MT"Core/Src/main.o" --specs=nano.specs -mfpu=fpv4-sp-d16 -mfloat-abi=hard -mthumb -o "Core/Src/main.o"
arm-none-eabi-gcc -o "123.elf" @"objects.list"   -mcpu=cortex-m4 -T"/Users/hongjun/Documents/coding/0_project/stm32/123/STM32F411RETX_FLASH.ld" --specs=nosys.specs -Wl,-Map="123.map" -Wl,--gc-sections -static --specs=nano.specs -mfpu=fpv4-sp-d16 -mfloat-abi=hard -mthumb -Wl,--start-group -lc -lm -Wl,--end-group
Finished building target: 123.elf
 
arm-none-eabi-size   123.elf 
arm-none-eabi-objdump -h -S  123.elf  > "123.list"
   text	   data	    bss	    dec	    hex	filename
  10464	     24	   1712	  12200	   2fa8	123.elf
Finished building: default.size.stdout
 
Finished building: 123.list
 
15:00:14 **** Incremental Build of configuration Debug for project 123 ****
make -j3 all 
arm-none-eabi-size   123.elf 
   text	   data	    bss	    dec	    hex	filename
  10464	     24	   1712	  12200	   2fa8	123.elf
Finished building: default.size.stdout
 
